============================= test session starts =============================
platform win32 -- Python 3.13.7, pytest-9.0.2, pluggy-1.6.0
rootdir: C:\Users\eqhsp\.antigravity\A2A_MCP\A2A_MCP
configfile: pyproject.toml
plugins: anyio-4.12.1, asyncio-1.3.0
asyncio: mode=Mode.AUTO, debug=False, asyncio_default_fixture_loop_scope=None, asyncio_default_test_loop_scope=function
collected 6 items

tests\test_base44.py .....F                                              [100%]

================================== FAILURES ===================================
______________________________ test_is_passable _______________________________

    def test_is_passable():
        """Verify passability logic."""
        cell = GridCell(0, 0, 0)
        # Default is all passable (False in blocking map)
>       assert cell.is_passable("N")
E       AssertionError: assert False
E        +  where False = is_passable('N')
E        +    where is_passable = <GridCell id=0 pos=(0,0) layer=GROUND>.is_passable

tests\test_base44.py:90: AssertionError
=========================== short test summary info ===========================
FAILED tests/test_base44.py::test_is_passable - AssertionError: assert False
========================= 1 failed, 5 passed in 0.08s =========================
