============================= test session starts =============================
platform win32 -- Python 3.13.7, pytest-9.0.2, pluggy-1.6.0 -- C:\Python313\python.exe
cachedir: .pytest_cache
rootdir: C:\Users\eqhsp\.antigravity\A2A_MCP\A2A_MCP
configfile: pyproject.toml
plugins: anyio-4.12.1, asyncio-1.3.0
asyncio: mode=Mode.AUTO, debug=False, asyncio_default_fixture_loop_scope=None, asyncio_default_test_loop_scope=function
collecting ... collected 2 items

tests/test_intent_engine.py::test_pinn_deterministic_embedding_is_stable PASSED [ 50%]
tests/test_intent_engine.py::test_intent_engine_executes_plan FAILED     [100%]

================================== FAILURES ===================================
______________________ test_intent_engine_executes_plan _______________________

monkeypatch = <_pytest.monkeypatch.MonkeyPatch object at 0x00000182DB2DA650>

    def test_intent_engine_executes_plan(monkeypatch):
        engine = IntentEngine()
    
        async def fake_generate_solution(parent_id, feedback=None):
            return SimpleNamespace(
                artifact_id=str(uuid.uuid4()),
                content=f"solution for {feedback}",
            )
    
        async def fake_validate(_artifact_id):
            return TestReport(status="PASS", critique="looks good")
    
        monkeypatch.setattr(engine.coder, "generate_solution", fake_generate_solution)
        monkeypatch.setattr(engine.tester, "validate", fake_validate)
    
        saved = []
    
        def fake_save_artifact(artifact):
            saved.append(artifact)
    
        monkeypatch.setattr(engine.db, "save_artifact", fake_save_artifact)
    
        plan = ProjectPlan(
            plan_id="plan-1",
            project_name="demo",
            requester="qa",
            actions=[
                PlanAction(action_id="a1", title="Build", instruction="Write code"),
                PlanAction(action_id="a2", title="Refine", instruction="Refine code"),
            ],
        )
    
        artifact_ids = asyncio.run(engine.execute_plan(plan))
    
        assert len(artifact_ids) == 6
        assert all(action.status == "completed" for action in plan.actions)
>       assert len(saved) == 4
E       assert 0 == 4
E        +  where 0 = len([])

tests\test_intent_engine.py:62: AssertionError
============================== warnings summary ===============================
agents\tester.py:6
  C:\Users\eqhsp\.antigravity\A2A_MCP\A2A_MCP\agents\tester.py:6: PytestCollectionWarning: cannot collect test class 'TestReport' because it has a __init__ constructor (from: tests/test_intent_engine.py)
    class TestReport(BaseModel):

-- Docs: https://docs.pytest.org/en/stable/how-to/capture-warnings.html
=========================== short test summary info ===========================
FAILED tests/test_intent_engine.py::test_intent_engine_executes_plan - assert 0 == 4
 +  where 0 = len([])
=================== 1 failed, 1 passed, 1 warning in 0.61s ====================
