python : Traceback 
(most recent call 
last):
At line:1 char:22
+ ... ONPATH="."; 
python tests/verify_de
terminism.py > 
tests/test_output.tx 
...
+                 ~~~~
~~~~~~~~~~~~~~~~~~~~~~
~~~~~~~~~~~~~~~~~~~~~~
~~~~~~~~~
    + CategoryInfo    
          : NotSpeci  
  fied: (Traceback    
 (most recent call    
 last)::String) [    
], RemoteExceptio    n
    + FullyQualifiedE 
   rrorId : NativeCo  
  mmandError
 
  File "C:\Users\eqhsp
\.antigravity\A2A_MCP\
A2A_MCP\tests\verify_d
eterminism.py", line 
78, in <module>
    
verify_determinism()
    
~~~~~~~~~~~~~~~~~~^^
  File "C:\Users\eqhsp
\.antigravity\A2A_MCP\
A2A_MCP\tests\verify_d
eterminism.py", line 
17, in 
verify_determinism
    print("--- 
\U0001f9ea Starting 
EmbedWorker 
Determinism 
Verification ---")
    ~~~~~^^^^^^^^^^^^^
^^^^^^^^^^^^^^^^^^^^^^
^^^^^^^^^^^^^^^^^^^^^^
^^^
  File "C:\Python313\L
ib\encodings\cp1252.py
", line 19, in encode
    return codecs.char
map_encode(input,self.
errors,encoding_table)
[0]
           ~~~~~~~~~~~
~~~~~~~~~~^^^^^^^^^^^^
^^^^^^^^^^^^^^^^^^^^^^
UnicodeEncodeError: 
'charmap' codec can't 
encode character 
'\U0001f9ea' in 
position 4: character 
maps to <undefined>
